// Jest Snapshot v1, https://goo.gl/fbAQLP

exports[`<Switch/> should fire hover event 1`] = `
<div>
  <label
    for="Switch1"
  >
    Switch
    <label
      class="StyledSwitch-sc-10hvevw-0 IHYuu"
      data-testid="Switch1"
      for="Switch1"
    >
      <input
        id="Switch1"
        type="checkbox"
      />
      <span
        class="slider round"
        data-testid="slider"
      />
    </label>
    ,
  </label>
</div>
`;
