// Jest Snapshot v1, https://goo.gl/fbAQLP

exports[`<Switch/> should fire hover event 1`] = `
<div>
  <label
    for="Switch1"
  >
    Switch
    <div
      class="StyledSwitch__DivWrapper-sc-10hvevw-0 kCfAgd ballena-switch-wrapper"
    >
      <label
        class="StyledSwitch-sc-10hvevw-1 kPDNZJ"
        data-testid="Switch1"
        font-size="md"
        for="Switch1"
      >
        <input
          id="Switch1"
          type="checkbox"
          value="false"
        />
        <span
          class="slider round"
          data-testid="slider"
        />
        <div
          class="Spacer__Box-sc-1ka6dkz-0 hyFaJH"
          direction="horizontal"
        />
        <label
          class="switch-label"
          for="Switch1"
        >
          Hola
        </label>
      </label>
    </div>
    ,
  </label>
</div>
`;
