// Jest Snapshot v1, https://goo.gl/fbAQLP

exports[`<Card/> render Card with default props and create snapshot 1`] = `
<div>
  <div
    class="StyledCard__StyledNormalCard-sc-15ny05r-1 hzljXY"
    elevation="1"
  >
    <img
      class="img"
    />
    <div
      class="StyledCard__StyledContent-sc-15ny05r-0 gBNcOs"
    >
      <div
        class="fakeContent"
      >
        <div
          style="margin-bottom: 1.063rem;"
        >
          <h1
            class="StyledTitle-sc-1w2mjy9-0 eMxwIM"
            color="dark"
          >
            Motion Graphics: Create a Nice Typography Animation
          </h1>
          <div
            class="Spacer__Box-sc-1ka6dkz-0 icWSOD"
            direction="vertical"
          />
          <p
            class="StyledParagraph-dbd4lw-0 fcuSkb"
            color="gray"
          >
            Give color to everything you want to say and turn it into amazing messages with...
          </p>
        </div>
        <div
          class="contentWithAvatar"
        >
          <div
            class="avatarWrapper"
          >
            <img
              alt="avatar"
              class="StyledAvatar-b4plpm-0 cnGZTK"
              src="https://i.pravatar.cc/50"
            />
            <div>
              <p
                class="StyledParagraph-dbd4lw-0 GwLJT"
                color="gray"
              >
                Created by:
              </p>
              <p
                class="StyledParagraph-dbd4lw-0 beFMwl"
                color="dark"
              >
                Joe Pearson
              </p>
            </div>
          </div>
          <div
            class="time"
          >
            <svg
              aria-labelledby="timeIconTitle"
              color="gray"
              fill="none"
              font-size="16px"
              height="1em"
              role="img"
              stroke="currentColor"
              stroke-linecap="square"
              stroke-linejoin="miter"
              stroke-width="2"
              viewBox="0 0 24 24"
              width="1em"
            >
              <title
                id="timeIconTitle"
              >
                Time
              </title>
              <circle
                cx="12"
                cy="12"
                r="10"
              />
              <polyline
                points="12 5 12 12 16 16"
              />
            </svg>
            <p
              class="StyledParagraph-dbd4lw-0 erlCND"
              color="gray"
            >
              45 min
            </p>
          </div>
        </div>
      </div>
    </div>
    <div
      class="footer"
    >
      <div
        class="fakeFooter"
      >
        <button
          class="StyledButton-hwi8uc-0 fTpsA-d"
          height="2.488rem"
          type="success"
        >
          <span>
            Apply
          </span>
        </button>
      </div>
    </div>
  </div>
</div>
`;
