// Jest Snapshot v1, https://goo.gl/fbAQLP

exports[`<Modal></Modal> should click outside of the modal component 1`] = `
<div>
  <div
    id="a"
  >
    <div
      data-testid="overlay"
      style="align-items: center; background-color: rgba(255, 255, 255, 0.5); display: none; height: 100%; justify-content: center; left: 0px; position: fixed; top: 0px; width: 100%; overflow-y: auto; z-index: 9999;"
    >
      <div
        class="StyledModal-sc-1fk6vwp-0 jbDWFx"
        data-testid="modal"
        elevation="1"
      >
        <div
          class="modal-header"
          style="flex-direction: row;"
        >
          <div>
            <h1
              class="StyledTitle-sc-1w2mjy9-0 gQMWFF"
              color="dark"
            />
          </div>
          <button
            class="BareButton__StyledButton-sc-7bpup3-0 fpYbxH"
            style="margin-left: auto;"
            type="button"
          >
            <svg
              aria-labelledby="closeIconTitle"
              data-testid="close-button"
              fill="none"
              height="1em"
              role="img"
              stroke="#9EA0A5"
              stroke-linecap="square"
              stroke-linejoin="miter"
              stroke-width="2"
              viewBox="0 0 24 24"
              width="18px"
            >
              <title
                id="closeIconTitle"
              >
                Close
              </title>
              <path
                d="M6.34314575 6.34314575L17.6568542 17.6568542M6.34314575 17.6568542L17.6568542 6.34314575"
              />
            </svg>
          </button>
        </div>
        <div
          class="modal-content"
        />
        <div
          class="modal-bottom"
          data-testid="controls"
        >
          <button
            class="StyledButton-hwi8uc-0 dJxCps"
            data-testid="reject"
            height="2.488rem"
            type="button"
          >
            <span>
              reject
            </span>
          </button>
        </div>
      </div>
    </div>
  </div>
</div>
`;
