// Jest Snapshot v1, https://goo.gl/fbAQLP

exports[`<Popover/> should render bottom 1`] = `
<div>
  <div>
    <button
      type="button"
    >
      outside
    </button>
    <button
      type="button"
    >
      show
    </button>
  </div>
</div>
`;

exports[`<Popover/> should render elevation 1`] = `
<div>
  <div>
    <button
      type="button"
    >
      outside
    </button>
    <button
      type="button"
    >
      show
    </button>
  </div>
</div>
`;

exports[`<Popover/> should render left 1`] = `
<div>
  <div>
    <button
      type="button"
    >
      outside
    </button>
    <button
      type="button"
    >
      show
    </button>
  </div>
</div>
`;

exports[`<Popover/> should render properly 1`] = `
<div>
  <div>
    <button
      type="button"
    >
      outside
    </button>
    <button
      type="button"
    >
      show
    </button>
  </div>
</div>
`;

exports[`<Popover/> should render right 1`] = `
<div>
  <div>
    <button
      type="button"
    >
      outside
    </button>
    <button
      type="button"
    >
      show
    </button>
  </div>
</div>
`;

exports[`<Popover/> should render top 1`] = `
<div>
  <div>
    <button
      type="button"
    >
      outside
    </button>
    <button
      type="button"
    >
      show
    </button>
  </div>
</div>
`;
