// Jest Snapshot v1, https://goo.gl/fbAQLP

exports[`<SidebarSection/> should render with default props 1`] = `
<div>
  <div
    class="StyledSidebarSection-sc-12e8js3-0 hSnxND"
  >
    <div
      class=""
    >
      <div
        class="StyledSidebarSection__StyledMenuTitle-sc-12e8js3-3 dLwqie"
        tabindex="0"
        title=""
        type=""
      >
        <span
          style="display: flex; align-items: center;"
        />
        <span
          style="align-items: center; width: 100%; overflow: hidden; white-space: nowrap; text-overflow: ellipsis;"
        />
      </div>
      <div />
    </div>
  </div>
</div>
`;
