// Jest Snapshot v1, https://goo.gl/fbAQLP

exports[`<SidebarSection/> should render with default props 1`] = `
<div>
  <div
    class="StyledSidebarSection-sc-12e8js3-0 qIphq"
  >
    <div
      class=""
    >
      <li>
        <p
          class="StyledParagraph-dbd4lw-0 eBiuNa"
          color="#2e2a2a"
        />
      </li>
      <ul />
    </div>
  </div>
</div>
`;
